Standard Commons Logging discovery in action with spring-jcl: please remove commons-logging.jar from classpath in order to avoid potential conflicts

  .   ____          _            __ _ _
 /\\ / ___'_ __ _ _(_)_ __  __ _ \ \ \ \
( ( )\___ | '_ | '_| | '_ \/ _` | \ \ \ \
 \\/  ___)| |_)| | | | | || (_| |  ) ) ) )
  '  |____| .__|_| |_|_| |_\__, | / / / /
 =========|_|==============|___/=/_/_/_/

 :: Spring Boot ::                (v3.5.7)

2026-04-21T00:34:00.510+05:30  INFO 11772 --- [edulearn-monolith] [           main] com.edulearn.MonolithApplication         : Starting MonolithApplication v0.0.1-SNAPSHOT using Java 25.0.1 with PID 11772 (C:\Users\abbuz\Downloads\final EDULEARN\Deploy-Backend\edulearn-monolith\target\edulearn-monolith-0.0.1-SNAPSHOT.jar started by abbuz in C:\Users\abbuz\Downloads\final EDULEARN\Deploy-Backend\edulearn-monolith)
2026-04-21T00:34:00.513+05:30  INFO 11772 --- [edulearn-monolith] [           main] com.edulearn.MonolithApplication         : No active profile set, falling back to 1 default profile: "default"
2026-04-21T00:34:01.305+05:30  INFO 11772 --- [edulearn-monolith] [           main] o.s.b.f.s.DefaultListableBeanFactory     : Overriding bean definition for bean 'restTemplate' with a different definition: replacing [Root bean: class=null; scope=; abstract=false; lazyInit=null; autowireMode=3; dependencyCheck=0; autowireCandidate=true; primary=false; fallback=false; factoryBeanName=com.edulearn.payment.config.RestTemplateConfig; factoryMethodName=restTemplate; initMethodNames=null; destroyMethodNames=[(inferred)]; defined in class path resource [com/edulearn/payment/config/RestTemplateConfig.class]] with [Root bean: class=null; scope=; abstract=false; lazyInit=null; autowireMode=3; dependencyCheck=0; autowireCandidate=true; primary=false; fallback=false; factoryBeanName=monolithApplication; factoryMethodName=restTemplate; initMethodNames=null; destroyMethodNames=[(inferred)]; defined in com.edulearn.MonolithApplication]
2026-04-21T00:34:01.561+05:30  INFO 11772 --- [edulearn-monolith] [           main] .s.d.r.c.RepositoryConfigurationDelegate : Bootstrapping Spring Data JPA repositories in DEFAULT mode.
2026-04-21T00:34:01.752+05:30  INFO 11772 --- [edulearn-monolith] [           main] .s.d.r.c.RepositoryConfigurationDelegate : Finished Spring Data repository scanning in 178 ms. Found 14 JPA repository interfaces.
2026-04-21T00:34:02.071+05:30  INFO 11772 --- [edulearn-monolith] [           main] o.s.cloud.context.scope.GenericScope     : BeanFactory id=f97d27e0-711c-3d74-9f50-7630e1e9bf1e
2026-04-21T00:34:02.565+05:30  INFO 11772 --- [edulearn-monolith] [           main] o.s.b.w.embedded.tomcat.TomcatWebServer  : Tomcat initialized with port 8080 (http)
2026-04-21T00:34:02.580+05:30  INFO 11772 --- [edulearn-monolith] [           main] o.apache.catalina.core.StandardService   : Starting service [Tomcat]
2026-04-21T00:34:02.581+05:30  INFO 11772 --- [edulearn-monolith] [           main] o.apache.catalina.core.StandardEngine    : Starting Servlet engine: [Apache Tomcat/10.1.48]
2026-04-21T00:34:02.620+05:30  INFO 11772 --- [edulearn-monolith] [           main] o.a.c.c.C.[Tomcat].[localhost].[/]       : Initializing Spring embedded WebApplicationContext
2026-04-21T00:34:02.621+05:30  INFO 11772 --- [edulearn-monolith] [           main] w.s.c.ServletWebServerApplicationContext : Root WebApplicationContext: initialization completed in 2047 ms
Standard Commons Logging discovery in action with spring-jcl: please remove commons-logging.jar from classpath in order to avoid potential conflicts
2026-04-21T00:34:02.829+05:30  INFO 11772 --- [edulearn-monolith] [           main] o.hibernate.jpa.internal.util.LogHelper  : HHH000204: Processing PersistenceUnitInfo [name: default]
2026-04-21T00:34:02.881+05:30  INFO 11772 --- [edulearn-monolith] [           main] org.hibernate.Version                    : HHH000412: Hibernate ORM core version 6.6.33.Final
2026-04-21T00:34:02.909+05:30  INFO 11772 --- [edulearn-monolith] [           main] o.h.c.internal.RegionFactoryInitiator    : HHH000026: Second-level cache disabled
2026-04-21T00:34:03.130+05:30  INFO 11772 --- [edulearn-monolith] [           main] o.s.o.j.p.SpringPersistenceUnitInfo      : No LoadTimeWeaver setup: ignoring JPA class transformer
2026-04-21T00:34:03.156+05:30  INFO 11772 --- [edulearn-monolith] [           main] com.zaxxer.hikari.HikariDataSource       : HikariPool-1 - Starting...
2026-04-21T00:34:03.517+05:30  INFO 11772 --- [edulearn-monolith] [           main] com.zaxxer.hikari.pool.HikariPool        : HikariPool-1 - Added connection conn0: url=jdbc:h2:file:./data/edulearn-monolith user=SA
2026-04-21T00:34:03.519+05:30  INFO 11772 --- [edulearn-monolith] [           main] com.zaxxer.hikari.HikariDataSource       : HikariPool-1 - Start completed.
2026-04-21T00:34:03.538+05:30  WARN 11772 --- [edulearn-monolith] [           main] org.hibernate.orm.deprecation            : HHH90000025: H2Dialect does not need to be specified explicitly using 'hibernate.dialect' (remove the property setting and it will be selected by default)
2026-04-21T00:34:03.558+05:30  INFO 11772 --- [edulearn-monolith] [           main] org.hibernate.orm.connections.pooling    : HHH10001005: Database info:
	Database JDBC URL [Connecting through datasource 'HikariDataSource (HikariPool-1)']
	Database driver: undefined/unknown
	Database version: 2.3.232
	Autocommit mode: undefined/unknown
	Isolation level: undefined/unknown
	Minimum pool size: undefined/unknown
	Maximum pool size: undefined/unknown
2026-04-21T00:34:04.378+05:30  INFO 11772 --- [edulearn-monolith] [           main] o.h.e.t.j.p.i.JtaPlatformInitiator       : HHH000489: No JTA platform available (set 'hibernate.transaction.jta.platform' to enable JTA platform integration)
2026-04-21T00:34:04.425+05:30  INFO 11772 --- [edulearn-monolith] [           main] j.LocalContainerEntityManagerFactoryBean : Initialized JPA EntityManagerFactory for persistence unit 'default'
2026-04-21T00:34:04.749+05:30  INFO 11772 --- [edulearn-monolith] [           main] o.s.d.j.r.query.QueryEnhancerFactory     : Hibernate is in classpath; If applicable, HQL parser will be used.
2026-04-21T00:34:06.019+05:30  WARN 11772 --- [edulearn-monolith] [           main] JpaBaseConfiguration$JpaWebConfiguration : spring.jpa.open-in-view is enabled by default. Therefore, database queries may be performed during view rendering. Explicitly configure spring.jpa.open-in-view to disable this warning
2026-04-21T00:34:06.167+05:30  INFO 11772 --- [edulearn-monolith] [           main] f.a.AutowiredAnnotationBeanPostProcessor : Autowired annotation should only be used on methods with parameters: public void com.edulearn.payment.service.PaymentServiceImpl.initRazorpay()
2026-04-21T00:34:07.042+05:30  INFO 11772 --- [edulearn-monolith] [           main] o.s.b.a.h2.H2ConsoleAutoConfiguration    : H2 console available at '/h2-console'. Database available at 'jdbc:h2:file:./data/edulearn-monolith'
2026-04-21T00:34:07.147+05:30  INFO 11772 --- [edulearn-monolith] [           main] DiscoveryClientOptionalArgsConfiguration : Eureka HTTP Client uses RestTemplate.
2026-04-21T00:34:07.176+05:30  WARN 11772 --- [edulearn-monolith] [           main] iguration$LoadBalancerCaffeineWarnLogger : Spring Cloud LoadBalancer is currently working with the default cache. While this cache implementation is useful for development and tests, it's recommended to use Caffeine cache in production.You can switch to using Caffeine cache, by adding it and org.springframework.cache.caffeine.CaffeineCacheManager to the classpath.
2026-04-21T00:34:07.249+05:30  INFO 11772 --- [edulearn-monolith] [           main] o.s.b.w.embedded.tomcat.TomcatWebServer  : Tomcat started on port 8080 (http) with context path '/'
2026-04-21T00:34:07.252+05:30  INFO 11772 --- [edulearn-monolith] [           main] o.s.a.r.c.CachingConnectionFactory       : Attempting to connect to: [localhost:5672]
2026-04-21T00:34:07.260+05:30  INFO 11772 --- [edulearn-monolith] [           main] o.s.a.r.l.SimpleMessageListenerContainer : Broker not available; cannot force queue declarations during start: java.net.ConnectException: Connection refused: getsockopt
2026-04-21T00:34:07.268+05:30  INFO 11772 --- [edulearn-monolith] [ntContainer#0-1] o.s.a.r.c.CachingConnectionFactory       : Attempting to connect to: [localhost:5672]
2026-04-21T00:34:07.290+05:30 ERROR 11772 --- [edulearn-monolith] [ntContainer#0-1] o.s.a.r.l.SimpleMessageListenerContainer : Failed to check/redeclare auto-delete queue(s).

org.springframework.amqp.AmqpConnectException: java.net.ConnectException: Connection refused: getsockopt
	at org.springframework.amqp.rabbit.support.RabbitExceptionTranslator.convertRabbitAccessException(RabbitExceptionTranslator.java:61) ~[spring-rabbit-3.2.8.jar!/:3.2.8]
	at org.springframework.amqp.rabbit.connection.AbstractConnectionFactory.createBareConnection(AbstractConnectionFactory.java:632) ~[spring-rabbit-3.2.8.jar!/:3.2.8]
	at org.springframework.amqp.rabbit.connection.CachingConnectionFactory.createConnection(CachingConnectionFactory.java:726) ~[spring-rabbit-3.2.8.jar!/:3.2.8]
	at org.springframework.amqp.rabbit.connection.ConnectionFactoryUtils.createConnection(ConnectionFactoryUtils.java:257) ~[spring-rabbit-3.2.8.jar!/:3.2.8]
	at org.springframework.amqp.rabbit.core.RabbitTemplate.doExecute(RabbitTemplate.java:2261) ~[spring-rabbit-3.2.8.jar!/:3.2.8]
	at org.springframework.amqp.rabbit.core.RabbitTemplate.execute(RabbitTemplate.java:2234) ~[spring-rabbit-3.2.8.jar!/:3.2.8]
	at org.springframework.amqp.rabbit.core.RabbitTemplate.execute(RabbitTemplate.java:2214) ~[spring-rabbit-3.2.8.jar!/:3.2.8]
	at org.springframework.amqp.rabbit.core.RabbitAdmin.getQueueInfo(RabbitAdmin.java:467) ~[spring-rabbit-3.2.8.jar!/:3.2.8]
	at org.springframework.amqp.rabbit.core.RabbitAdmin.getQueueProperties(RabbitAdmin.java:451) ~[spring-rabbit-3.2.8.jar!/:3.2.8]
	at org.springframework.amqp.rabbit.listener.AbstractMessageListenerContainer.attemptDeclarations(AbstractMessageListenerContainer.java:1972) ~[spring-rabbit-3.2.8.jar!/:3.2.8]
	at org.springframework.amqp.rabbit.listener.AbstractMessageListenerContainer.redeclareElementsIfNecessary(AbstractMessageListenerContainer.java:1936) ~[spring-rabbit-3.2.8.jar!/:3.2.8]
	at org.springframework.amqp.rabbit.listener.SimpleMessageListenerContainer$AsyncMessageProcessingConsumer.initialize(SimpleMessageListenerContainer.java:1489) ~[spring-rabbit-3.2.8.jar!/:3.2.8]
	at org.springframework.amqp.rabbit.listener.SimpleMessageListenerContainer$AsyncMessageProcessingConsumer.run(SimpleMessageListenerContainer.java:1328) ~[spring-rabbit-3.2.8.jar!/:3.2.8]
	at java.base/java.lang.Thread.run(Thread.java:1474) ~[na:na]
Caused by: java.net.ConnectException: Connection refused: getsockopt
	at java.base/sun.nio.ch.Net.pollConnect(Native Method) ~[na:na]
	at java.base/sun.nio.ch.Net.pollConnectNow(Net.java:639) ~[na:na]
	at java.base/sun.nio.ch.NioSocketImpl.timedFinishConnect(NioSocketImpl.java:543) ~[na:na]
	at java.base/sun.nio.ch.NioSocketImpl.connect(NioSocketImpl.java:594) ~[na:na]
	at java.base/java.net.SocksSocketImpl.connect(SocksSocketImpl.java:284) ~[na:na]
	at java.base/java.net.Socket.connect(Socket.java:659) ~[na:na]
	at com.rabbitmq.client.impl.SocketFrameHandlerFactory.create(SocketFrameHandlerFactory.java:61) ~[amqp-client-5.25.0.jar!/:5.25.0]
	at com.rabbitmq.client.ConnectionFactory.newConnection(ConnectionFactory.java:1249) ~[amqp-client-5.25.0.jar!/:5.25.0]
	at com.rabbitmq.client.ConnectionFactory.newConnection(ConnectionFactory.java:1198) ~[amqp-client-5.25.0.jar!/:5.25.0]
	at org.springframework.amqp.rabbit.connection.AbstractConnectionFactory.connectAddresses(AbstractConnectionFactory.java:678) ~[spring-rabbit-3.2.8.jar!/:3.2.8]
	at org.springframework.amqp.rabbit.connection.AbstractConnectionFactory.connect(AbstractConnectionFactory.java:647) ~[spring-rabbit-3.2.8.jar!/:3.2.8]
	at org.springframework.amqp.rabbit.connection.AbstractConnectionFactory.createBareConnection(AbstractConnectionFactory.java:593) ~[spring-rabbit-3.2.8.jar!/:3.2.8]
	... 12 common frames omitted

2026-04-21T00:34:07.295+05:30  INFO 11772 --- [edulearn-monolith] [ntContainer#0-1] o.s.a.r.c.CachingConnectionFactory       : Attempting to connect to: [localhost:5672]
2026-04-21T00:34:07.314+05:30  INFO 11772 --- [edulearn-monolith] [           main] com.edulearn.MonolithApplication         : Started MonolithApplication in 7.358 seconds (process running for 7.898)
2026-04-21T00:34:07.317+05:30  WARN 11772 --- [edulearn-monolith] [TaskExecutor-37] o.s.core.events.SpringDocAppInitializer  : SpringDoc /v3/api-docs endpoint is enabled by default. To disable it in production, set the property 'springdoc.api-docs.enabled=false'
2026-04-21T00:34:12.325+05:30  WARN 11772 --- [edulearn-monolith] [ntContainer#0-1] o.s.a.r.l.SimpleMessageListenerContainer : Consumer raised exception, processing can restart if the connection factory supports it. Exception summary: org.springframework.amqp.AmqpConnectException: java.net.ConnectException: Connection refused: getsockopt
2026-04-21T00:34:12.328+05:30  INFO 11772 --- [edulearn-monolith] [ntContainer#0-1] o.s.a.r.l.SimpleMessageListenerContainer : Restarting Consumer@6ae2d1e2: tags=[[]], channel=null, acknowledgeMode=AUTO local queue size=0
2026-04-21T00:34:12.329+05:30  INFO 11772 --- [edulearn-monolith] [ntContainer#0-2] o.s.a.r.c.CachingConnectionFactory       : Attempting to connect to: [localhost:5672]
2026-04-21T00:34:12.352+05:30 ERROR 11772 --- [edulearn-monolith] [ntContainer#0-2] o.s.a.r.l.SimpleMessageListenerContainer : Failed to check/redeclare auto-delete queue(s).
2026-04-21T00:34:12.352+05:30  INFO 11772 --- [edulearn-monolith] [ntContainer#0-2] o.s.a.r.c.CachingConnectionFactory       : Attempting to connect to: [localhost:5672]
2026-04-21T00:34:16.030+05:30  INFO 11772 --- [edulearn-monolith] [nio-8080-exec-1] o.a.c.c.C.[Tomcat].[localhost].[/]       : Initializing Spring DispatcherServlet 'dispatcherServlet'
2026-04-21T00:34:16.030+05:30  INFO 11772 --- [edulearn-monolith] [nio-8080-exec-1] o.s.web.servlet.DispatcherServlet        : Initializing Servlet 'dispatcherServlet'
2026-04-21T00:34:16.032+05:30  INFO 11772 --- [edulearn-monolith] [nio-8080-exec-1] o.s.web.servlet.DispatcherServlet        : Completed initialization in 1 ms
2026-04-21T00:34:16.549+05:30  INFO 11772 --- [edulearn-monolith] [nio-8080-exec-1] o.springdoc.api.AbstractOpenApiResource  : Init duration for springdoc-openapi is: 475 ms
2026-04-21T00:34:17.379+05:30  WARN 11772 --- [edulearn-monolith] [ntContainer#0-2] o.s.a.r.l.SimpleMessageListenerContainer : Consumer raised exception, processing can restart if the connection factory supports it. Exception summary: org.springframework.amqp.AmqpConnectException: java.net.ConnectException: Connection refused: getsockopt
2026-04-21T00:34:17.380+05:30  INFO 11772 --- [edulearn-monolith] [ntContainer#0-2] o.s.a.r.l.SimpleMessageListenerContainer : Restarting Consumer@7254318d: tags=[[]], channel=null, acknowledgeMode=AUTO local queue size=0
2026-04-21T00:34:17.381+05:30  INFO 11772 --- [edulearn-monolith] [ntContainer#0-3] o.s.a.r.c.CachingConnectionFactory       : Attempting to connect to: [localhost:5672]
2026-04-21T00:34:17.383+05:30 ERROR 11772 --- [edulearn-monolith] [ntContainer#0-3] o.s.a.r.l.SimpleMessageListenerContainer : Failed to check/redeclare auto-delete queue(s).
2026-04-21T00:34:17.383+05:30  INFO 11772 --- [edulearn-monolith] [ntContainer#0-3] o.s.a.r.c.CachingConnectionFactory       : Attempting to connect to: [localhost:5672]
2026-04-21T00:34:22.399+05:30  WARN 11772 --- [edulearn-monolith] [ntContainer#0-3] o.s.a.r.l.SimpleMessageListenerContainer : Consumer raised exception, processing can restart if the connection factory supports it. Exception summary: org.springframework.amqp.AmqpConnectException: java.net.ConnectException: Connection refused: getsockopt
2026-04-21T00:34:22.399+05:30  INFO 11772 --- [edulearn-monolith] [ntContainer#0-3] o.s.a.r.l.SimpleMessageListenerContainer : Restarting Consumer@714859f3: tags=[[]], channel=null, acknowledgeMode=AUTO local queue size=0
2026-04-21T00:34:22.401+05:30  INFO 11772 --- [edulearn-monolith] [ntContainer#0-4] o.s.a.r.c.CachingConnectionFactory       : Attempting to connect to: [localhost:5672]
2026-04-21T00:34:22.422+05:30 ERROR 11772 --- [edulearn-monolith] [ntContainer#0-4] o.s.a.r.l.SimpleMessageListenerContainer : Failed to check/redeclare auto-delete queue(s).
2026-04-21T00:34:22.423+05:30  INFO 11772 --- [edulearn-monolith] [ntContainer#0-4] o.s.a.r.c.CachingConnectionFactory       : Attempting to connect to: [localhost:5672]
2026-04-21T00:34:27.461+05:30  WARN 11772 --- [edulearn-monolith] [ntContainer#0-4] o.s.a.r.l.SimpleMessageListenerContainer : Consumer raised exception, processing can restart if the connection factory supports it. Exception summary: org.springframework.amqp.AmqpConnectException: java.net.ConnectException: Connection refused: getsockopt
2026-04-21T00:34:27.462+05:30  INFO 11772 --- [edulearn-monolith] [ntContainer#0-4] o.s.a.r.l.SimpleMessageListenerContainer : Restarting Consumer@60c3babd: tags=[[]], channel=null, acknowledgeMode=AUTO local queue size=0
2026-04-21T00:34:27.463+05:30  INFO 11772 --- [edulearn-monolith] [ntContainer#0-5] o.s.a.r.c.CachingConnectionFactory       : Attempting to connect to: [localhost:5672]
2026-04-21T00:34:27.474+05:30 ERROR 11772 --- [edulearn-monolith] [ntContainer#0-5] o.s.a.r.l.SimpleMessageListenerContainer : Failed to check/redeclare auto-delete queue(s).
2026-04-21T00:34:27.474+05:30  INFO 11772 --- [edulearn-monolith] [ntContainer#0-5] o.s.a.r.c.CachingConnectionFactory       : Attempting to connect to: [localhost:5672]
2026-04-21T00:34:32.510+05:30  WARN 11772 --- [edulearn-monolith] [ntContainer#0-5] o.s.a.r.l.SimpleMessageListenerContainer : Consumer raised exception, processing can restart if the connection factory supports it. Exception summary: org.springframework.amqp.AmqpConnectException: java.net.ConnectException: Connection refused: getsockopt
2026-04-21T00:34:32.511+05:30  INFO 11772 --- [edulearn-monolith] [ntContainer#0-5] o.s.a.r.l.SimpleMessageListenerContainer : Restarting Consumer@26def45f: tags=[[]], channel=null, acknowledgeMode=AUTO local queue size=0
2026-04-21T00:34:32.512+05:30  INFO 11772 --- [edulearn-monolith] [ntContainer#0-6] o.s.a.r.c.CachingConnectionFactory       : Attempting to connect to: [localhost:5672]
2026-04-21T00:34:32.524+05:30 ERROR 11772 --- [edulearn-monolith] [ntContainer#0-6] o.s.a.r.l.SimpleMessageListenerContainer : Failed to check/redeclare auto-delete queue(s).
2026-04-21T00:34:32.524+05:30  INFO 11772 --- [edulearn-monolith] [ntContainer#0-6] o.s.a.r.c.CachingConnectionFactory       : Attempting to connect to: [localhost:5672]
2026-04-21T00:34:37.553+05:30  WARN 11772 --- [edulearn-monolith] [ntContainer#0-6] o.s.a.r.l.SimpleMessageListenerContainer : Consumer raised exception, processing can restart if the connection factory supports it. Exception summary: org.springframework.amqp.AmqpConnectException: java.net.ConnectException: Connection refused: getsockopt
2026-04-21T00:34:37.553+05:30  INFO 11772 --- [edulearn-monolith] [ntContainer#0-6] o.s.a.r.l.SimpleMessageListenerContainer : Restarting Consumer@6ba8613b: tags=[[]], channel=null, acknowledgeMode=AUTO local queue size=0
2026-04-21T00:34:37.555+05:30  INFO 11772 --- [edulearn-monolith] [ntContainer#0-7] o.s.a.r.c.CachingConnectionFactory       : Attempting to connect to: [localhost:5672]
2026-04-21T00:34:37.577+05:30 ERROR 11772 --- [edulearn-monolith] [ntContainer#0-7] o.s.a.r.l.SimpleMessageListenerContainer : Failed to check/redeclare auto-delete queue(s).
2026-04-21T00:34:37.577+05:30  INFO 11772 --- [edulearn-monolith] [ntContainer#0-7] o.s.a.r.c.CachingConnectionFactory       : Attempting to connect to: [localhost:5672]
2026-04-21T00:34:42.606+05:30  WARN 11772 --- [edulearn-monolith] [ntContainer#0-7] o.s.a.r.l.SimpleMessageListenerContainer : Consumer raised exception, processing can restart if the connection factory supports it. Exception summary: org.springframework.amqp.AmqpConnectException: java.net.ConnectException: Connection refused: getsockopt
2026-04-21T00:34:42.606+05:30  INFO 11772 --- [edulearn-monolith] [ntContainer#0-7] o.s.a.r.l.SimpleMessageListenerContainer : Restarting Consumer@56f69399: tags=[[]], channel=null, acknowledgeMode=AUTO local queue size=0
2026-04-21T00:34:42.607+05:30  INFO 11772 --- [edulearn-monolith] [ntContainer#0-8] o.s.a.r.c.CachingConnectionFactory       : Attempting to connect to: [localhost:5672]
2026-04-21T00:34:42.609+05:30 ERROR 11772 --- [edulearn-monolith] [ntContainer#0-8] o.s.a.r.l.SimpleMessageListenerContainer : Failed to check/redeclare auto-delete queue(s).
2026-04-21T00:34:42.610+05:30  INFO 11772 --- [edulearn-monolith] [ntContainer#0-8] o.s.a.r.c.CachingConnectionFactory       : Attempting to connect to: [localhost:5672]
2026-04-21T00:34:47.649+05:30  WARN 11772 --- [edulearn-monolith] [ntContainer#0-8] o.s.a.r.l.SimpleMessageListenerContainer : Consumer raised exception, processing can restart if the connection factory supports it. Exception summary: org.springframework.amqp.AmqpConnectException: java.net.ConnectException: Connection refused: getsockopt
2026-04-21T00:34:47.649+05:30  INFO 11772 --- [edulearn-monolith] [ntContainer#0-8] o.s.a.r.l.SimpleMessageListenerContainer : Restarting Consumer@2d40dd32: tags=[[]], channel=null, acknowledgeMode=AUTO local queue size=0
2026-04-21T00:34:47.651+05:30  INFO 11772 --- [edulearn-monolith] [ntContainer#0-9] o.s.a.r.c.CachingConnectionFactory       : Attempting to connect to: [localhost:5672]
2026-04-21T00:34:47.672+05:30 ERROR 11772 --- [edulearn-monolith] [ntContainer#0-9] o.s.a.r.l.SimpleMessageListenerContainer : Failed to check/redeclare auto-delete queue(s).
2026-04-21T00:34:47.672+05:30  INFO 11772 --- [edulearn-monolith] [ntContainer#0-9] o.s.a.r.c.CachingConnectionFactory       : Attempting to connect to: [localhost:5672]
2026-04-21T00:34:52.707+05:30  WARN 11772 --- [edulearn-monolith] [ntContainer#0-9] o.s.a.r.l.SimpleMessageListenerContainer : Consumer raised exception, processing can restart if the connection factory supports it. Exception summary: org.springframework.amqp.AmqpConnectException: java.net.ConnectException: Connection refused: getsockopt
2026-04-21T00:34:52.707+05:30  INFO 11772 --- [edulearn-monolith] [ntContainer#0-9] o.s.a.r.l.SimpleMessageListenerContainer : Restarting Consumer@6cb2b47b: tags=[[]], channel=null, acknowledgeMode=AUTO local queue size=0
2026-04-21T00:34:52.709+05:30  INFO 11772 --- [edulearn-monolith] [tContainer#0-10] o.s.a.r.c.CachingConnectionFactory       : Attempting to connect to: [localhost:5672]
2026-04-21T00:34:52.730+05:30 ERROR 11772 --- [edulearn-monolith] [tContainer#0-10] o.s.a.r.l.SimpleMessageListenerContainer : Failed to check/redeclare auto-delete queue(s).
2026-04-21T00:34:52.730+05:30  INFO 11772 --- [edulearn-monolith] [tContainer#0-10] o.s.a.r.c.CachingConnectionFactory       : Attempting to connect to: [localhost:5672]
2026-04-21T00:34:57.747+05:30  WARN 11772 --- [edulearn-monolith] [tContainer#0-10] o.s.a.r.l.SimpleMessageListenerContainer : Consumer raised exception, processing can restart if the connection factory supports it. Exception summary: org.springframework.amqp.AmqpConnectException: java.net.ConnectException: Connection refused: getsockopt
2026-04-21T00:34:57.747+05:30  INFO 11772 --- [edulearn-monolith] [tContainer#0-10] o.s.a.r.l.SimpleMessageListenerContainer : Restarting Consumer@30016dde: tags=[[]], channel=null, acknowledgeMode=AUTO local queue size=0
2026-04-21T00:34:57.748+05:30  INFO 11772 --- [edulearn-monolith] [tContainer#0-11] o.s.a.r.c.CachingConnectionFactory       : Attempting to connect to: [localhost:5672]
2026-04-21T00:34:57.749+05:30 ERROR 11772 --- [edulearn-monolith] [tContainer#0-11] o.s.a.r.l.SimpleMessageListenerContainer : Failed to check/redeclare auto-delete queue(s).
2026-04-21T00:34:57.750+05:30  INFO 11772 --- [edulearn-monolith] [tContainer#0-11] o.s.a.r.c.CachingConnectionFactory       : Attempting to connect to: [localhost:5672]
2026-04-21T00:35:02.766+05:30  WARN 11772 --- [edulearn-monolith] [tContainer#0-11] o.s.a.r.l.SimpleMessageListenerContainer : Consumer raised exception, processing can restart if the connection factory supports it. Exception summary: org.springframework.amqp.AmqpConnectException: java.net.ConnectException: Connection refused: getsockopt
2026-04-21T00:35:02.767+05:30  INFO 11772 --- [edulearn-monolith] [tContainer#0-11] o.s.a.r.l.SimpleMessageListenerContainer : Restarting Consumer@c860e16: tags=[[]], channel=null, acknowledgeMode=AUTO local queue size=0
2026-04-21T00:35:02.768+05:30  INFO 11772 --- [edulearn-monolith] [tContainer#0-12] o.s.a.r.c.CachingConnectionFactory       : Attempting to connect to: [localhost:5672]
2026-04-21T00:35:02.779+05:30 ERROR 11772 --- [edulearn-monolith] [tContainer#0-12] o.s.a.r.l.SimpleMessageListenerContainer : Failed to check/redeclare auto-delete queue(s).
2026-04-21T00:35:02.779+05:30  INFO 11772 --- [edulearn-monolith] [tContainer#0-12] o.s.a.r.c.CachingConnectionFactory       : Attempting to connect to: [localhost:5672]
2026-04-21T00:35:07.817+05:30  WARN 11772 --- [edulearn-monolith] [tContainer#0-12] o.s.a.r.l.SimpleMessageListenerContainer : Consumer raised exception, processing can restart if the connection factory supports it. Exception summary: org.springframework.amqp.AmqpConnectException: java.net.ConnectException: Connection refused: getsockopt
2026-04-21T00:35:07.817+05:30  INFO 11772 --- [edulearn-monolith] [tContainer#0-12] o.s.a.r.l.SimpleMessageListenerContainer : Restarting Consumer@3401d440: tags=[[]], channel=null, acknowledgeMode=AUTO local queue size=0
2026-04-21T00:35:07.818+05:30  INFO 11772 --- [edulearn-monolith] [tContainer#0-13] o.s.a.r.c.CachingConnectionFactory       : Attempting to connect to: [localhost:5672]
2026-04-21T00:35:07.840+05:30 ERROR 11772 --- [edulearn-monolith] [tContainer#0-13] o.s.a.r.l.SimpleMessageListenerContainer : Failed to check/redeclare auto-delete queue(s).
2026-04-21T00:35:07.840+05:30  INFO 11772 --- [edulearn-monolith] [tContainer#0-13] o.s.a.r.c.CachingConnectionFactory       : Attempting to connect to: [localhost:5672]
2026-04-21T00:35:12.865+05:30  WARN 11772 --- [edulearn-monolith] [tContainer#0-13] o.s.a.r.l.SimpleMessageListenerContainer : Consumer raised exception, processing can restart if the connection factory supports it. Exception summary: org.springframework.amqp.AmqpConnectException: java.net.ConnectException: Connection refused: getsockopt
2026-04-21T00:35:12.866+05:30  INFO 11772 --- [edulearn-monolith] [tContainer#0-13] o.s.a.r.l.SimpleMessageListenerContainer : Restarting Consumer@34acc99f: tags=[[]], channel=null, acknowledgeMode=AUTO local queue size=0
2026-04-21T00:35:12.867+05:30  INFO 11772 --- [edulearn-monolith] [tContainer#0-14] o.s.a.r.c.CachingConnectionFactory       : Attempting to connect to: [localhost:5672]
2026-04-21T00:35:12.880+05:30 ERROR 11772 --- [edulearn-monolith] [tContainer#0-14] o.s.a.r.l.SimpleMessageListenerContainer : Failed to check/redeclare auto-delete queue(s).
2026-04-21T00:35:12.880+05:30  INFO 11772 --- [edulearn-monolith] [tContainer#0-14] o.s.a.r.c.CachingConnectionFactory       : Attempting to connect to: [localhost:5672]
2026-04-21T00:35:17.918+05:30  WARN 11772 --- [edulearn-monolith] [tContainer#0-14] o.s.a.r.l.SimpleMessageListenerContainer : Consumer raised exception, processing can restart if the connection factory supports it. Exception summary: org.springframework.amqp.AmqpConnectException: java.net.ConnectException: Connection refused: getsockopt
2026-04-21T00:35:17.919+05:30  INFO 11772 --- [edulearn-monolith] [tContainer#0-14] o.s.a.r.l.SimpleMessageListenerContainer : Restarting Consumer@5aaafd4d: tags=[[]], channel=null, acknowledgeMode=AUTO local queue size=0
2026-04-21T00:35:17.920+05:30  INFO 11772 --- [edulearn-monolith] [tContainer#0-15] o.s.a.r.c.CachingConnectionFactory       : Attempting to connect to: [localhost:5672]
2026-04-21T00:35:17.931+05:30 ERROR 11772 --- [edulearn-monolith] [tContainer#0-15] o.s.a.r.l.SimpleMessageListenerContainer : Failed to check/redeclare auto-delete queue(s).
2026-04-21T00:35:17.931+05:30  INFO 11772 --- [edulearn-monolith] [tContainer#0-15] o.s.a.r.c.CachingConnectionFactory       : Attempting to connect to: [localhost:5672]
2026-04-21T00:35:22.958+05:30  WARN 11772 --- [edulearn-monolith] [tContainer#0-15] o.s.a.r.l.SimpleMessageListenerContainer : Consumer raised exception, processing can restart if the connection factory supports it. Exception summary: org.springframework.amqp.AmqpConnectException: java.net.ConnectException: Connection refused: getsockopt
2026-04-21T00:35:22.958+05:30  INFO 11772 --- [edulearn-monolith] [tContainer#0-15] o.s.a.r.l.SimpleMessageListenerContainer : Restarting Consumer@5cb371dc: tags=[[]], channel=null, acknowledgeMode=AUTO local queue size=0
2026-04-21T00:35:22.959+05:30  INFO 11772 --- [edulearn-monolith] [tContainer#0-16] o.s.a.r.c.CachingConnectionFactory       : Attempting to connect to: [localhost:5672]
2026-04-21T00:35:22.980+05:30 ERROR 11772 --- [edulearn-monolith] [tContainer#0-16] o.s.a.r.l.SimpleMessageListenerContainer : Failed to check/redeclare auto-delete queue(s).
2026-04-21T00:35:22.980+05:30  INFO 11772 --- [edulearn-monolith] [tContainer#0-16] o.s.a.r.c.CachingConnectionFactory       : Attempting to connect to: [localhost:5672]
2026-04-21T00:35:28.014+05:30  WARN 11772 --- [edulearn-monolith] [tContainer#0-16] o.s.a.r.l.SimpleMessageListenerContainer : Consumer raised exception, processing can restart if the connection factory supports it. Exception summary: org.springframework.amqp.AmqpConnectException: java.net.ConnectException: Connection refused: getsockopt
2026-04-21T00:35:28.014+05:30  INFO 11772 --- [edulearn-monolith] [tContainer#0-16] o.s.a.r.l.SimpleMessageListenerContainer : Restarting Consumer@2207236c: tags=[[]], channel=null, acknowledgeMode=AUTO local queue size=0
2026-04-21T00:35:28.014+05:30  INFO 11772 --- [edulearn-monolith] [tContainer#0-17] o.s.a.r.c.CachingConnectionFactory       : Attempting to connect to: [localhost:5672]
2026-04-21T00:35:28.027+05:30 ERROR 11772 --- [edulearn-monolith] [tContainer#0-17] o.s.a.r.l.SimpleMessageListenerContainer : Failed to check/redeclare auto-delete queue(s).
2026-04-21T00:35:28.028+05:30  INFO 11772 --- [edulearn-monolith] [tContainer#0-17] o.s.a.r.c.CachingConnectionFactory       : Attempting to connect to: [localhost:5672]
2026-04-21T00:35:33.043+05:30  WARN 11772 --- [edulearn-monolith] [tContainer#0-17] o.s.a.r.l.SimpleMessageListenerContainer : Consumer raised exception, processing can restart if the connection factory supports it. Exception summary: org.springframework.amqp.AmqpConnectException: java.net.ConnectException: Connection refused: getsockopt
2026-04-21T00:35:33.044+05:30  INFO 11772 --- [edulearn-monolith] [tContainer#0-17] o.s.a.r.l.SimpleMessageListenerContainer : Restarting Consumer@6014662f: tags=[[]], channel=null, acknowledgeMode=AUTO local queue size=0
2026-04-21T00:35:33.045+05:30  INFO 11772 --- [edulearn-monolith] [tContainer#0-18] o.s.a.r.c.CachingConnectionFactory       : Attempting to connect to: [localhost:5672]
2026-04-21T00:35:33.057+05:30 ERROR 11772 --- [edulearn-monolith] [tContainer#0-18] o.s.a.r.l.SimpleMessageListenerContainer : Failed to check/redeclare auto-delete queue(s).
2026-04-21T00:35:33.058+05:30  INFO 11772 --- [edulearn-monolith] [tContainer#0-18] o.s.a.r.c.CachingConnectionFactory       : Attempting to connect to: [localhost:5672]
2026-04-21T00:35:38.085+05:30  WARN 11772 --- [edulearn-monolith] [tContainer#0-18] o.s.a.r.l.SimpleMessageListenerContainer : Consumer raised exception, processing can restart if the connection factory supports it. Exception summary: org.springframework.amqp.AmqpConnectException: java.net.ConnectException: Connection refused: getsockopt
2026-04-21T00:35:38.086+05:30  INFO 11772 --- [edulearn-monolith] [tContainer#0-18] o.s.a.r.l.SimpleMessageListenerContainer : Restarting Consumer@5d004f: tags=[[]], channel=null, acknowledgeMode=AUTO local queue size=0
2026-04-21T00:35:38.088+05:30  INFO 11772 --- [edulearn-monolith] [tContainer#0-19] o.s.a.r.c.CachingConnectionFactory       : Attempting to connect to: [localhost:5672]
2026-04-21T00:35:38.089+05:30 ERROR 11772 --- [edulearn-monolith] [tContainer#0-19] o.s.a.r.l.SimpleMessageListenerContainer : Failed to check/redeclare auto-delete queue(s).
2026-04-21T00:35:38.089+05:30  INFO 11772 --- [edulearn-monolith] [tContainer#0-19] o.s.a.r.c.CachingConnectionFactory       : Attempting to connect to: [localhost:5672]
2026-04-21T00:35:43.130+05:30  WARN 11772 --- [edulearn-monolith] [tContainer#0-19] o.s.a.r.l.SimpleMessageListenerContainer : Consumer raised exception, processing can restart if the connection factory supports it. Exception summary: org.springframework.amqp.AmqpConnectException: java.net.ConnectException: Connection refused: getsockopt
2026-04-21T00:35:43.131+05:30  INFO 11772 --- [edulearn-monolith] [tContainer#0-19] o.s.a.r.l.SimpleMessageListenerContainer : Restarting Consumer@7fb7d006: tags=[[]], channel=null, acknowledgeMode=AUTO local queue size=0
2026-04-21T00:35:43.132+05:30  INFO 11772 --- [edulearn-monolith] [tContainer#0-20] o.s.a.r.c.CachingConnectionFactory       : Attempting to connect to: [localhost:5672]
2026-04-21T00:35:43.154+05:30 ERROR 11772 --- [edulearn-monolith] [tContainer#0-20] o.s.a.r.l.SimpleMessageListenerContainer : Failed to check/redeclare auto-delete queue(s).
2026-04-21T00:35:43.154+05:30  INFO 11772 --- [edulearn-monolith] [tContainer#0-20] o.s.a.r.c.CachingConnectionFactory       : Attempting to connect to: [localhost:5672]
2026-04-21T00:35:48.181+05:30  WARN 11772 --- [edulearn-monolith] [tContainer#0-20] o.s.a.r.l.SimpleMessageListenerContainer : Consumer raised exception, processing can restart if the connection factory supports it. Exception summary: org.springframework.amqp.AmqpConnectException: java.net.ConnectException: Connection refused: getsockopt
2026-04-21T00:35:48.182+05:30  INFO 11772 --- [edulearn-monolith] [tContainer#0-20] o.s.a.r.l.SimpleMessageListenerContainer : Restarting Consumer@5490bf17: tags=[[]], channel=null, acknowledgeMode=AUTO local queue size=0
2026-04-21T00:35:48.183+05:30  INFO 11772 --- [edulearn-monolith] [tContainer#0-21] o.s.a.r.c.CachingConnectionFactory       : Attempting to connect to: [localhost:5672]
2026-04-21T00:35:48.204+05:30 ERROR 11772 --- [edulearn-monolith] [tContainer#0-21] o.s.a.r.l.SimpleMessageListenerContainer : Failed to check/redeclare auto-delete queue(s).
2026-04-21T00:35:48.204+05:30  INFO 11772 --- [edulearn-monolith] [tContainer#0-21] o.s.a.r.c.CachingConnectionFactory       : Attempting to connect to: [localhost:5672]
2026-04-21T00:35:53.238+05:30  WARN 11772 --- [edulearn-monolith] [tContainer#0-21] o.s.a.r.l.SimpleMessageListenerContainer : Consumer raised exception, processing can restart if the connection factory supports it. Exception summary: org.springframework.amqp.AmqpConnectException: java.net.ConnectException: Connection refused: getsockopt
2026-04-21T00:35:53.238+05:30  INFO 11772 --- [edulearn-monolith] [tContainer#0-21] o.s.a.r.l.SimpleMessageListenerContainer : Restarting Consumer@7d3f7aae: tags=[[]], channel=null, acknowledgeMode=AUTO local queue size=0
2026-04-21T00:35:53.240+05:30  INFO 11772 --- [edulearn-monolith] [tContainer#0-22] o.s.a.r.c.CachingConnectionFactory       : Attempting to connect to: [localhost:5672]
2026-04-21T00:35:53.251+05:30 ERROR 11772 --- [edulearn-monolith] [tContainer#0-22] o.s.a.r.l.SimpleMessageListenerContainer : Failed to check/redeclare auto-delete queue(s).
2026-04-21T00:35:53.251+05:30  INFO 11772 --- [edulearn-monolith] [tContainer#0-22] o.s.a.r.c.CachingConnectionFactory       : Attempting to connect to: [localhost:5672]
2026-04-21T00:35:58.274+05:30  WARN 11772 --- [edulearn-monolith] [tContainer#0-22] o.s.a.r.l.SimpleMessageListenerContainer : Consumer raised exception, processing can restart if the connection factory supports it. Exception summary: org.springframework.amqp.AmqpConnectException: java.net.ConnectException: Connection refused: getsockopt
2026-04-21T00:35:58.275+05:30  INFO 11772 --- [edulearn-monolith] [tContainer#0-22] o.s.a.r.l.SimpleMessageListenerContainer : Restarting Consumer@4718aa8e: tags=[[]], channel=null, acknowledgeMode=AUTO local queue size=0
2026-04-21T00:35:58.276+05:30  INFO 11772 --- [edulearn-monolith] [tContainer#0-23] o.s.a.r.c.CachingConnectionFactory       : Attempting to connect to: [localhost:5672]
2026-04-21T00:35:58.288+05:30 ERROR 11772 --- [edulearn-monolith] [tContainer#0-23] o.s.a.r.l.SimpleMessageListenerContainer : Failed to check/redeclare auto-delete queue(s).
2026-04-21T00:35:58.288+05:30  INFO 11772 --- [edulearn-monolith] [tContainer#0-23] o.s.a.r.c.CachingConnectionFactory       : Attempting to connect to: [localhost:5672]
2026-04-21T00:36:03.310+05:30  WARN 11772 --- [edulearn-monolith] [tContainer#0-23] o.s.a.r.l.SimpleMessageListenerContainer : Consumer raised exception, processing can restart if the connection factory supports it. Exception summary: org.springframework.amqp.AmqpConnectException: java.net.ConnectException: Connection refused: getsockopt
2026-04-21T00:36:03.310+05:30  INFO 11772 --- [edulearn-monolith] [tContainer#0-23] o.s.a.r.l.SimpleMessageListenerContainer : Restarting Consumer@2af106ad: tags=[[]], channel=null, acknowledgeMode=AUTO local queue size=0
2026-04-21T00:36:03.311+05:30  INFO 11772 --- [edulearn-monolith] [tContainer#0-24] o.s.a.r.c.CachingConnectionFactory       : Attempting to connect to: [localhost:5672]
2026-04-21T00:36:03.334+05:30 ERROR 11772 --- [edulearn-monolith] [tContainer#0-24] o.s.a.r.l.SimpleMessageListenerContainer : Failed to check/redeclare auto-delete queue(s).
2026-04-21T00:36:03.335+05:30  INFO 11772 --- [edulearn-monolith] [tContainer#0-24] o.s.a.r.c.CachingConnectionFactory       : Attempting to connect to: [localhost:5672]
2026-04-21T00:36:08.369+05:30  WARN 11772 --- [edulearn-monolith] [tContainer#0-24] o.s.a.r.l.SimpleMessageListenerContainer : Consumer raised exception, processing can restart if the connection factory supports it. Exception summary: org.springframework.amqp.AmqpConnectException: java.net.ConnectException: Connection refused: getsockopt
2026-04-21T00:36:08.369+05:30  INFO 11772 --- [edulearn-monolith] [tContainer#0-24] o.s.a.r.l.SimpleMessageListenerContainer : Restarting Consumer@65ea5ac9: tags=[[]], channel=null, acknowledgeMode=AUTO local queue size=0
2026-04-21T00:36:08.371+05:30  INFO 11772 --- [edulearn-monolith] [tContainer#0-25] o.s.a.r.c.CachingConnectionFactory       : Attempting to connect to: [localhost:5672]
2026-04-21T00:36:08.393+05:30 ERROR 11772 --- [edulearn-monolith] [tContainer#0-25] o.s.a.r.l.SimpleMessageListenerContainer : Failed to check/redeclare auto-delete queue(s).
2026-04-21T00:36:08.394+05:30  INFO 11772 --- [edulearn-monolith] [tContainer#0-25] o.s.a.r.c.CachingConnectionFactory       : Attempting to connect to: [localhost:5672]
2026-04-21T00:36:13.409+05:30  WARN 11772 --- [edulearn-monolith] [tContainer#0-25] o.s.a.r.l.SimpleMessageListenerContainer : Consumer raised exception, processing can restart if the connection factory supports it. Exception summary: org.springframework.amqp.AmqpConnectException: java.net.ConnectException: Connection refused: getsockopt
2026-04-21T00:36:13.409+05:30  INFO 11772 --- [edulearn-monolith] [tContainer#0-25] o.s.a.r.l.SimpleMessageListenerContainer : Restarting Consumer@1cf70d7e: tags=[[]], channel=null, acknowledgeMode=AUTO local queue size=0
2026-04-21T00:36:13.410+05:30  INFO 11772 --- [edulearn-monolith] [tContainer#0-26] o.s.a.r.c.CachingConnectionFactory       : Attempting to connect to: [localhost:5672]
2026-04-21T00:36:13.411+05:30 ERROR 11772 --- [edulearn-monolith] [tContainer#0-26] o.s.a.r.l.SimpleMessageListenerContainer : Failed to check/redeclare auto-delete queue(s).
2026-04-21T00:36:13.411+05:30  INFO 11772 --- [edulearn-monolith] [tContainer#0-26] o.s.a.r.c.CachingConnectionFactory       : Attempting to connect to: [localhost:5672]
2026-04-21T00:36:18.449+05:30  WARN 11772 --- [edulearn-monolith] [tContainer#0-26] o.s.a.r.l.SimpleMessageListenerContainer : Consumer raised exception, processing can restart if the connection factory supports it. Exception summary: org.springframework.amqp.AmqpConnectException: java.net.ConnectException: Connection refused: getsockopt
2026-04-21T00:36:18.449+05:30  INFO 11772 --- [edulearn-monolith] [tContainer#0-26] o.s.a.r.l.SimpleMessageListenerContainer : Restarting Consumer@31e31e37: tags=[[]], channel=null, acknowledgeMode=AUTO local queue size=0
2026-04-21T00:36:18.451+05:30  INFO 11772 --- [edulearn-monolith] [tContainer#0-27] o.s.a.r.c.CachingConnectionFactory       : Attempting to connect to: [localhost:5672]
2026-04-21T00:36:18.473+05:30 ERROR 11772 --- [edulearn-monolith] [tContainer#0-27] o.s.a.r.l.SimpleMessageListenerContainer : Failed to check/redeclare auto-delete queue(s).
2026-04-21T00:36:18.473+05:30  INFO 11772 --- [edulearn-monolith] [tContainer#0-27] o.s.a.r.c.CachingConnectionFactory       : Attempting to connect to: [localhost:5672]
2026-04-21T00:36:23.485+05:30  WARN 11772 --- [edulearn-monolith] [tContainer#0-27] o.s.a.r.l.SimpleMessageListenerContainer : Consumer raised exception, processing can restart if the connection factory supports it. Exception summary: org.springframework.amqp.AmqpConnectException: java.net.ConnectException: Connection refused: getsockopt
2026-04-21T00:36:23.485+05:30  INFO 11772 --- [edulearn-monolith] [tContainer#0-27] o.s.a.r.l.SimpleMessageListenerContainer : Restarting Consumer@4ad7b89e: tags=[[]], channel=null, acknowledgeMode=AUTO local queue size=0
2026-04-21T00:36:23.487+05:30  INFO 11772 --- [edulearn-monolith] [tContainer#0-28] o.s.a.r.c.CachingConnectionFactory       : Attempting to connect to: [localhost:5672]
2026-04-21T00:36:23.508+05:30 ERROR 11772 --- [edulearn-monolith] [tContainer#0-28] o.s.a.r.l.SimpleMessageListenerContainer : Failed to check/redeclare auto-delete queue(s).
2026-04-21T00:36:23.508+05:30  INFO 11772 --- [edulearn-monolith] [tContainer#0-28] o.s.a.r.c.CachingConnectionFactory       : Attempting to connect to: [localhost:5672]
2026-04-21T00:36:28.547+05:30  WARN 11772 --- [edulearn-monolith] [tContainer#0-28] o.s.a.r.l.SimpleMessageListenerContainer : Consumer raised exception, processing can restart if the connection factory supports it. Exception summary: org.springframework.amqp.AmqpConnectException: java.net.ConnectException: Connection refused: getsockopt
2026-04-21T00:36:28.548+05:30  INFO 11772 --- [edulearn-monolith] [tContainer#0-28] o.s.a.r.l.SimpleMessageListenerContainer : Restarting Consumer@285745c3: tags=[[]], channel=null, acknowledgeMode=AUTO local queue size=0
2026-04-21T00:36:28.548+05:30  INFO 11772 --- [edulearn-monolith] [tContainer#0-29] o.s.a.r.c.CachingConnectionFactory       : Attempting to connect to: [localhost:5672]
2026-04-21T00:36:28.571+05:30 ERROR 11772 --- [edulearn-monolith] [tContainer#0-29] o.s.a.r.l.SimpleMessageListenerContainer : Failed to check/redeclare auto-delete queue(s).
2026-04-21T00:36:28.571+05:30  INFO 11772 --- [edulearn-monolith] [tContainer#0-29] o.s.a.r.c.CachingConnectionFactory       : Attempting to connect to: [localhost:5672]
2026-04-21T00:36:33.595+05:30  WARN 11772 --- [edulearn-monolith] [tContainer#0-29] o.s.a.r.l.SimpleMessageListenerContainer : Consumer raised exception, processing can restart if the connection factory supports it. Exception summary: org.springframework.amqp.AmqpConnectException: java.net.ConnectException: Connection refused: getsockopt
2026-04-21T00:36:33.596+05:30  INFO 11772 --- [edulearn-monolith] [tContainer#0-29] o.s.a.r.l.SimpleMessageListenerContainer : Restarting Consumer@209b4d3e: tags=[[]], channel=null, acknowledgeMode=AUTO local queue size=0
2026-04-21T00:36:33.596+05:30  INFO 11772 --- [edulearn-monolith] [tContainer#0-30] o.s.a.r.c.CachingConnectionFactory       : Attempting to connect to: [localhost:5672]
2026-04-21T00:36:33.607+05:30 ERROR 11772 --- [edulearn-monolith] [tContainer#0-30] o.s.a.r.l.SimpleMessageListenerContainer : Failed to check/redeclare auto-delete queue(s).
2026-04-21T00:36:33.608+05:30  INFO 11772 --- [edulearn-monolith] [tContainer#0-30] o.s.a.r.c.CachingConnectionFactory       : Attempting to connect to: [localhost:5672]
2026-04-21T00:36:38.637+05:30  WARN 11772 --- [edulearn-monolith] [tContainer#0-30] o.s.a.r.l.SimpleMessageListenerContainer : Consumer raised exception, processing can restart if the connection factory supports it. Exception summary: org.springframework.amqp.AmqpConnectException: java.net.ConnectException: Connection refused: getsockopt
2026-04-21T00:36:38.638+05:30  INFO 11772 --- [edulearn-monolith] [tContainer#0-30] o.s.a.r.l.SimpleMessageListenerContainer : Restarting Consumer@3f364b6f: tags=[[]], channel=null, acknowledgeMode=AUTO local queue size=0
2026-04-21T00:36:38.639+05:30  INFO 11772 --- [edulearn-monolith] [tContainer#0-31] o.s.a.r.c.CachingConnectionFactory       : Attempting to connect to: [localhost:5672]
2026-04-21T00:36:38.651+05:30 ERROR 11772 --- [edulearn-monolith] [tContainer#0-31] o.s.a.r.l.SimpleMessageListenerContainer : Failed to check/redeclare auto-delete queue(s).
2026-04-21T00:36:38.651+05:30  INFO 11772 --- [edulearn-monolith] [tContainer#0-31] o.s.a.r.c.CachingConnectionFactory       : Attempting to connect to: [localhost:5672]
2026-04-21T00:36:43.685+05:30  WARN 11772 --- [edulearn-monolith] [tContainer#0-31] o.s.a.r.l.SimpleMessageListenerContainer : Consumer raised exception, processing can restart if the connection factory supports it. Exception summary: org.springframework.amqp.AmqpConnectException: java.net.ConnectException: Connection refused: getsockopt
2026-04-21T00:36:43.686+05:30  INFO 11772 --- [edulearn-monolith] [tContainer#0-31] o.s.a.r.l.SimpleMessageListenerContainer : Restarting Consumer@6a1a0322: tags=[[]], channel=null, acknowledgeMode=AUTO local queue size=0
2026-04-21T00:36:43.687+05:30  INFO 11772 --- [edulearn-monolith] [tContainer#0-32] o.s.a.r.c.CachingConnectionFactory       : Attempting to connect to: [localhost:5672]
2026-04-21T00:36:43.698+05:30 ERROR 11772 --- [edulearn-monolith] [tContainer#0-32] o.s.a.r.l.SimpleMessageListenerContainer : Failed to check/redeclare auto-delete queue(s).
2026-04-21T00:36:43.699+05:30  INFO 11772 --- [edulearn-monolith] [tContainer#0-32] o.s.a.r.c.CachingConnectionFactory       : Attempting to connect to: [localhost:5672]
2026-04-21T00:36:48.736+05:30  WARN 11772 --- [edulearn-monolith] [tContainer#0-32] o.s.a.r.l.SimpleMessageListenerContainer : Consumer raised exception, processing can restart if the connection factory supports it. Exception summary: org.springframework.amqp.AmqpConnectException: java.net.ConnectException: Connection refused: getsockopt
2026-04-21T00:36:48.737+05:30  INFO 11772 --- [edulearn-monolith] [tContainer#0-32] o.s.a.r.l.SimpleMessageListenerContainer : Restarting Consumer@754e4573: tags=[[]], channel=null, acknowledgeMode=AUTO local queue size=0
2026-04-21T00:36:48.738+05:30  INFO 11772 --- [edulearn-monolith] [tContainer#0-33] o.s.a.r.c.CachingConnectionFactory       : Attempting to connect to: [localhost:5672]
2026-04-21T00:36:48.760+05:30 ERROR 11772 --- [edulearn-monolith] [tContainer#0-33] o.s.a.r.l.SimpleMessageListenerContainer : Failed to check/redeclare auto-delete queue(s).
2026-04-21T00:36:48.760+05:30  INFO 11772 --- [edulearn-monolith] [tContainer#0-33] o.s.a.r.c.CachingConnectionFactory       : Attempting to connect to: [localhost:5672]
2026-04-21T00:36:53.785+05:30  WARN 11772 --- [edulearn-monolith] [tContainer#0-33] o.s.a.r.l.SimpleMessageListenerContainer : Consumer raised exception, processing can restart if the connection factory supports it. Exception summary: org.springframework.amqp.AmqpConnectException: java.net.ConnectException: Connection refused: getsockopt
2026-04-21T00:36:53.785+05:30  INFO 11772 --- [edulearn-monolith] [tContainer#0-33] o.s.a.r.l.SimpleMessageListenerContainer : Restarting Consumer@6da5bf2d: tags=[[]], channel=null, acknowledgeMode=AUTO local queue size=0
2026-04-21T00:36:53.786+05:30  INFO 11772 --- [edulearn-monolith] [tContainer#0-34] o.s.a.r.c.CachingConnectionFactory       : Attempting to connect to: [localhost:5672]
2026-04-21T00:36:53.809+05:30 ERROR 11772 --- [edulearn-monolith] [tContainer#0-34] o.s.a.r.l.SimpleMessageListenerContainer : Failed to check/redeclare auto-delete queue(s).
2026-04-21T00:36:53.809+05:30  INFO 11772 --- [edulearn-monolith] [tContainer#0-34] o.s.a.r.c.CachingConnectionFactory       : Attempting to connect to: [localhost:5672]
2026-04-21T00:36:58.848+05:30  WARN 11772 --- [edulearn-monolith] [tContainer#0-34] o.s.a.r.l.SimpleMessageListenerContainer : Consumer raised exception, processing can restart if the connection factory supports it. Exception summary: org.springframework.amqp.AmqpConnectException: java.net.ConnectException: Connection refused: getsockopt
2026-04-21T00:36:58.848+05:30  INFO 11772 --- [edulearn-monolith] [tContainer#0-34] o.s.a.r.l.SimpleMessageListenerContainer : Restarting Consumer@76104e8d: tags=[[]], channel=null, acknowledgeMode=AUTO local queue size=0
2026-04-21T00:36:58.849+05:30  INFO 11772 --- [edulearn-monolith] [tContainer#0-35] o.s.a.r.c.CachingConnectionFactory       : Attempting to connect to: [localhost:5672]
2026-04-21T00:36:58.859+05:30 ERROR 11772 --- [edulearn-monolith] [tContainer#0-35] o.s.a.r.l.SimpleMessageListenerContainer : Failed to check/redeclare auto-delete queue(s).
2026-04-21T00:36:58.859+05:30  INFO 11772 --- [edulearn-monolith] [tContainer#0-35] o.s.a.r.c.CachingConnectionFactory       : Attempting to connect to: [localhost:5672]
2026-04-21T00:37:03.893+05:30  WARN 11772 --- [edulearn-monolith] [tContainer#0-35] o.s.a.r.l.SimpleMessageListenerContainer : Consumer raised exception, processing can restart if the connection factory supports it. Exception summary: org.springframework.amqp.AmqpConnectException: java.net.ConnectException: Connection refused: getsockopt
2026-04-21T00:37:03.894+05:30  INFO 11772 --- [edulearn-monolith] [tContainer#0-35] o.s.a.r.l.SimpleMessageListenerContainer : Restarting Consumer@4f57306d: tags=[[]], channel=null, acknowledgeMode=AUTO local queue size=0
2026-04-21T00:37:03.895+05:30  INFO 11772 --- [edulearn-monolith] [tContainer#0-36] o.s.a.r.c.CachingConnectionFactory       : Attempting to connect to: [localhost:5672]
2026-04-21T00:37:03.917+05:30 ERROR 11772 --- [edulearn-monolith] [tContainer#0-36] o.s.a.r.l.SimpleMessageListenerContainer : Failed to check/redeclare auto-delete queue(s).
2026-04-21T00:37:03.917+05:30  INFO 11772 --- [edulearn-monolith] [tContainer#0-36] o.s.a.r.c.CachingConnectionFactory       : Attempting to connect to: [localhost:5672]
2026-04-21T00:37:08.953+05:30  WARN 11772 --- [edulearn-monolith] [tContainer#0-36] o.s.a.r.l.SimpleMessageListenerContainer : Consumer raised exception, processing can restart if the connection factory supports it. Exception summary: org.springframework.amqp.AmqpConnectException: java.net.ConnectException: Connection refused: getsockopt
2026-04-21T00:37:08.954+05:30  INFO 11772 --- [edulearn-monolith] [tContainer#0-36] o.s.a.r.l.SimpleMessageListenerContainer : Restarting Consumer@2fbc3816: tags=[[]], channel=null, acknowledgeMode=AUTO local queue size=0
2026-04-21T00:37:08.955+05:30  INFO 11772 --- [edulearn-monolith] [tContainer#0-37] o.s.a.r.c.CachingConnectionFactory       : Attempting to connect to: [localhost:5672]
2026-04-21T00:37:08.967+05:30 ERROR 11772 --- [edulearn-monolith] [tContainer#0-37] o.s.a.r.l.SimpleMessageListenerContainer : Failed to check/redeclare auto-delete queue(s).
2026-04-21T00:37:08.967+05:30  INFO 11772 --- [edulearn-monolith] [tContainer#0-37] o.s.a.r.c.CachingConnectionFactory       : Attempting to connect to: [localhost:5672]
2026-04-21T00:37:13.994+05:30  WARN 11772 --- [edulearn-monolith] [tContainer#0-37] o.s.a.r.l.SimpleMessageListenerContainer : Consumer raised exception, processing can restart if the connection factory supports it. Exception summary: org.springframework.amqp.AmqpConnectException: java.net.ConnectException: Connection refused: getsockopt
2026-04-21T00:37:13.995+05:30  INFO 11772 --- [edulearn-monolith] [tContainer#0-37] o.s.a.r.l.SimpleMessageListenerContainer : Restarting Consumer@2170cc50: tags=[[]], channel=null, acknowledgeMode=AUTO local queue size=0
2026-04-21T00:37:13.996+05:30  INFO 11772 --- [edulearn-monolith] [tContainer#0-38] o.s.a.r.c.CachingConnectionFactory       : Attempting to connect to: [localhost:5672]
2026-04-21T00:37:14.017+05:30 ERROR 11772 --- [edulearn-monolith] [tContainer#0-38] o.s.a.r.l.SimpleMessageListenerContainer : Failed to check/redeclare auto-delete queue(s).
2026-04-21T00:37:14.017+05:30  INFO 11772 --- [edulearn-monolith] [tContainer#0-38] o.s.a.r.c.CachingConnectionFactory       : Attempting to connect to: [localhost:5672]
2026-04-21T00:37:19.056+05:30  WARN 11772 --- [edulearn-monolith] [tContainer#0-38] o.s.a.r.l.SimpleMessageListenerContainer : Consumer raised exception, processing can restart if the connection factory supports it. Exception summary: org.springframework.amqp.AmqpConnectException: java.net.ConnectException: Connection refused: getsockopt
2026-04-21T00:37:19.057+05:30  INFO 11772 --- [edulearn-monolith] [tContainer#0-38] o.s.a.r.l.SimpleMessageListenerContainer : Restarting Consumer@6ec599e5: tags=[[]], channel=null, acknowledgeMode=AUTO local queue size=0
2026-04-21T00:37:19.058+05:30  INFO 11772 --- [edulearn-monolith] [tContainer#0-39] o.s.a.r.c.CachingConnectionFactory       : Attempting to connect to: [localhost:5672]
2026-04-21T00:37:19.059+05:30 ERROR 11772 --- [edulearn-monolith] [tContainer#0-39] o.s.a.r.l.SimpleMessageListenerContainer : Failed to check/redeclare auto-delete queue(s).
2026-04-21T00:37:19.059+05:30  INFO 11772 --- [edulearn-monolith] [tContainer#0-39] o.s.a.r.c.CachingConnectionFactory       : Attempting to connect to: [localhost:5672]
2026-04-21T00:37:24.085+05:30  WARN 11772 --- [edulearn-monolith] [tContainer#0-39] o.s.a.r.l.SimpleMessageListenerContainer : Consumer raised exception, processing can restart if the connection factory supports it. Exception summary: org.springframework.amqp.AmqpConnectException: java.net.ConnectException: Connection refused: getsockopt
2026-04-21T00:37:24.086+05:30  INFO 11772 --- [edulearn-monolith] [tContainer#0-39] o.s.a.r.l.SimpleMessageListenerContainer : Restarting Consumer@4446310c: tags=[[]], channel=null, acknowledgeMode=AUTO local queue size=0
2026-04-21T00:37:24.086+05:30  INFO 11772 --- [edulearn-monolith] [tContainer#0-40] o.s.a.r.c.CachingConnectionFactory       : Attempting to connect to: [localhost:5672]
2026-04-21T00:37:24.111+05:30 ERROR 11772 --- [edulearn-monolith] [tContainer#0-40] o.s.a.r.l.SimpleMessageListenerContainer : Failed to check/redeclare auto-delete queue(s).
2026-04-21T00:37:24.111+05:30  INFO 11772 --- [edulearn-monolith] [tContainer#0-40] o.s.a.r.c.CachingConnectionFactory       : Attempting to connect to: [localhost:5672]
2026-04-21T00:37:29.139+05:30  WARN 11772 --- [edulearn-monolith] [tContainer#0-40] o.s.a.r.l.SimpleMessageListenerContainer : Consumer raised exception, processing can restart if the connection factory supports it. Exception summary: org.springframework.amqp.AmqpConnectException: java.net.ConnectException: Connection refused: getsockopt
2026-04-21T00:37:29.139+05:30  INFO 11772 --- [edulearn-monolith] [tContainer#0-40] o.s.a.r.l.SimpleMessageListenerContainer : Restarting Consumer@4cd930c: tags=[[]], channel=null, acknowledgeMode=AUTO local queue size=0
2026-04-21T00:37:29.140+05:30  INFO 11772 --- [edulearn-monolith] [tContainer#0-41] o.s.a.r.c.CachingConnectionFactory       : Attempting to connect to: [localhost:5672]
2026-04-21T00:37:29.164+05:30 ERROR 11772 --- [edulearn-monolith] [tContainer#0-41] o.s.a.r.l.SimpleMessageListenerContainer : Failed to check/redeclare auto-delete queue(s).
2026-04-21T00:37:29.164+05:30  INFO 11772 --- [edulearn-monolith] [tContainer#0-41] o.s.a.r.c.CachingConnectionFactory       : Attempting to connect to: [localhost:5672]
2026-04-21T00:37:34.190+05:30  WARN 11772 --- [edulearn-monolith] [tContainer#0-41] o.s.a.r.l.SimpleMessageListenerContainer : Consumer raised exception, processing can restart if the connection factory supports it. Exception summary: org.springframework.amqp.AmqpConnectException: java.net.ConnectException: Connection refused: getsockopt
2026-04-21T00:37:34.191+05:30  INFO 11772 --- [edulearn-monolith] [tContainer#0-41] o.s.a.r.l.SimpleMessageListenerContainer : Restarting Consumer@14dcd926: tags=[[]], channel=null, acknowledgeMode=AUTO local queue size=0
2026-04-21T00:37:34.192+05:30  INFO 11772 --- [edulearn-monolith] [tContainer#0-42] o.s.a.r.c.CachingConnectionFactory       : Attempting to connect to: [localhost:5672]
2026-04-21T00:37:34.212+05:30 ERROR 11772 --- [edulearn-monolith] [tContainer#0-42] o.s.a.r.l.SimpleMessageListenerContainer : Failed to check/redeclare auto-delete queue(s).
2026-04-21T00:37:34.212+05:30  INFO 11772 --- [edulearn-monolith] [tContainer#0-42] o.s.a.r.c.CachingConnectionFactory       : Attempting to connect to: [localhost:5672]
2026-04-21T00:37:39.247+05:30  WARN 11772 --- [edulearn-monolith] [tContainer#0-42] o.s.a.r.l.SimpleMessageListenerContainer : Consumer raised exception, processing can restart if the connection factory supports it. Exception summary: org.springframework.amqp.AmqpConnectException: java.net.ConnectException: Connection refused: getsockopt
2026-04-21T00:37:39.247+05:30  INFO 11772 --- [edulearn-monolith] [tContainer#0-42] o.s.a.r.l.SimpleMessageListenerContainer : Restarting Consumer@2cba626c: tags=[[]], channel=null, acknowledgeMode=AUTO local queue size=0
2026-04-21T00:37:39.249+05:30  INFO 11772 --- [edulearn-monolith] [tContainer#0-43] o.s.a.r.c.CachingConnectionFactory       : Attempting to connect to: [localhost:5672]
2026-04-21T00:37:39.260+05:30 ERROR 11772 --- [edulearn-monolith] [tContainer#0-43] o.s.a.r.l.SimpleMessageListenerContainer : Failed to check/redeclare auto-delete queue(s).
2026-04-21T00:37:39.260+05:30  INFO 11772 --- [edulearn-monolith] [tContainer#0-43] o.s.a.r.c.CachingConnectionFactory       : Attempting to connect to: [localhost:5672]
2026-04-21T00:37:44.285+05:30  WARN 11772 --- [edulearn-monolith] [tContainer#0-43] o.s.a.r.l.SimpleMessageListenerContainer : Consumer raised exception, processing can restart if the connection factory supports it. Exception summary: org.springframework.amqp.AmqpConnectException: java.net.ConnectException: Connection refused: getsockopt
2026-04-21T00:37:44.286+05:30  INFO 11772 --- [edulearn-monolith] [tContainer#0-43] o.s.a.r.l.SimpleMessageListenerContainer : Restarting Consumer@4e98bc2f: tags=[[]], channel=null, acknowledgeMode=AUTO local queue size=0
2026-04-21T00:37:44.286+05:30  INFO 11772 --- [edulearn-monolith] [tContainer#0-44] o.s.a.r.c.CachingConnectionFactory       : Attempting to connect to: [localhost:5672]
2026-04-21T00:37:44.298+05:30 ERROR 11772 --- [edulearn-monolith] [tContainer#0-44] o.s.a.r.l.SimpleMessageListenerContainer : Failed to check/redeclare auto-delete queue(s).
2026-04-21T00:37:44.298+05:30  INFO 11772 --- [edulearn-monolith] [tContainer#0-44] o.s.a.r.c.CachingConnectionFactory       : Attempting to connect to: [localhost:5672]
2026-04-21T00:37:49.326+05:30  WARN 11772 --- [edulearn-monolith] [tContainer#0-44] o.s.a.r.l.SimpleMessageListenerContainer : Consumer raised exception, processing can restart if the connection factory supports it. Exception summary: org.springframework.amqp.AmqpConnectException: java.net.ConnectException: Connection refused: getsockopt
2026-04-21T00:37:49.326+05:30  INFO 11772 --- [edulearn-monolith] [tContainer#0-44] o.s.a.r.l.SimpleMessageListenerContainer : Restarting Consumer@7c2e122c: tags=[[]], channel=null, acknowledgeMode=AUTO local queue size=0
2026-04-21T00:37:49.328+05:30  INFO 11772 --- [edulearn-monolith] [tContainer#0-45] o.s.a.r.c.CachingConnectionFactory       : Attempting to connect to: [localhost:5672]
2026-04-21T00:37:49.329+05:30 ERROR 11772 --- [edulearn-monolith] [tContainer#0-45] o.s.a.r.l.SimpleMessageListenerContainer : Failed to check/redeclare auto-delete queue(s).
2026-04-21T00:37:49.330+05:30  INFO 11772 --- [edulearn-monolith] [tContainer#0-45] o.s.a.r.c.CachingConnectionFactory       : Attempting to connect to: [localhost:5672]
2026-04-21T00:37:54.368+05:30  WARN 11772 --- [edulearn-monolith] [tContainer#0-45] o.s.a.r.l.SimpleMessageListenerContainer : Consumer raised exception, processing can restart if the connection factory supports it. Exception summary: org.springframework.amqp.AmqpConnectException: java.net.ConnectException: Connection refused: getsockopt
2026-04-21T00:37:54.369+05:30  INFO 11772 --- [edulearn-monolith] [tContainer#0-45] o.s.a.r.l.SimpleMessageListenerContainer : Restarting Consumer@773d381b: tags=[[]], channel=null, acknowledgeMode=AUTO local queue size=0
2026-04-21T00:37:54.371+05:30  INFO 11772 --- [edulearn-monolith] [tContainer#0-46] o.s.a.r.c.CachingConnectionFactory       : Attempting to connect to: [localhost:5672]
2026-04-21T00:37:54.382+05:30 ERROR 11772 --- [edulearn-monolith] [tContainer#0-46] o.s.a.r.l.SimpleMessageListenerContainer : Failed to check/redeclare auto-delete queue(s).
2026-04-21T00:37:54.382+05:30  INFO 11772 --- [edulearn-monolith] [tContainer#0-46] o.s.a.r.c.CachingConnectionFactory       : Attempting to connect to: [localhost:5672]
